// Jest Snapshot v1, https://goo.gl/fbAQLP

exports[`AddItem AddItem snapshot test 1`] = `
<form
  onSubmit={[Function]}
>
  <FormGroup
    bsClass="form-group"
  >
    <ControlLabel
      bsClass="control-label"
      srOnly={false}
    >
      Gimme tha todoz:
    </ControlLabel>
    <FormControl
      autoFocus={true}
      bsClass="form-control"
      bsSize="lg"
      componentClass="input"
      onChange={[Function]}
      placeholder="Get coffee"
      type="text"
      value=""
    />
  </FormGroup>
</form>
`;
