// Jest Snapshot v1, https://goo.gl/fbAQLP

exports[`Filters Filters snapsnot test 1`] = `
<ButtonGroup
  block={false}
  bsClass="btn-group"
  justified={false}
  vertical={false}
>
  <Button
    active={false}
    block={false}
    bsClass="btn"
    bsSize="lg"
    bsStyle="default"
    className="filter-all"
    disabled={false}
    onClick={[Function]}
  >
    All
  </Button>
  <Button
    active={false}
    block={false}
    bsClass="btn"
    bsSize="lg"
    bsStyle="default"
    className="filter-completed"
    disabled={false}
    onClick={[Function]}
  >
    Completed
  </Button>
  <Button
    active={false}
    block={false}
    bsClass="btn"
    bsSize="lg"
    bsStyle="default"
    className="filter-uncompleted"
    disabled={false}
    onClick={[Function]}
  >
    Uncompleted
  </Button>
</ButtonGroup>
`;
